{
  "reports": 46,
  "emitted": 46,
  "recites": 0,
  "describes": 46,
  "no_narrative": 0,
  "short_series": 0,
  "superlative_flags": 0,
  "superlative_dropped": 0,
  "checks_matched": [
    1,
    1,
    1,
    1,
    3,
    1,
    0,
    1,
    2,
    2,
    0,
    0,
    0,
    1,
    0,
    1,
    0,
    0,
    1,
    0,
    0,
    0,
    1,
    0,
    0,
    1,
    0,
    2,
    2,
    1,
    0,
    1,
    0,
    0,
    0,
    0,
    0,
    1,
    1,
    2,
    2,
    0,
    0,
    2,
    5,
    6
  ],
  "checks_total": [
    4,
    4,
    4,
    2,
    4,
    4,
    4,
    4,
    4,
    4,
    4,
    4,
    4,
    4,
    4,
    3,
    3,
    0,
    3,
    3,
    3,
    3,
    3,
    3,
    3,
    3,
    3,
    3,
    4,
    3,
    1,
    1,
    1,
    0,
    5,
    5,
    5,
    5,
    3,
    5,
    5,
    5,
    5,
    6,
    6,
    6
  ]
}

wrote 46 records -> /data/defu/Time-series-datasets/59_fhfa_house_price_index/output/fhfa_hpi_cpt.jsonl
