[listing] page 1: 500 new codes (500 total)
[listing] page 2: 500 new codes (1000 total)
[listing] page 3: 499 new codes (1499 total)
[listing] page 4: 500 new codes (1999 total)
[listing] page 5: 500 new codes (2499 total)
[listing] page 6: 500 new codes (2999 total)
[listing] page 7: 500 new codes (3499 total)
[listing] page 8: 500 new codes (3999 total)
[listing] page 9: 445 new codes (4444 total)
[listing] page 10: 0 new codes (4444 total)
[listing] 4444 codes discovered; server reports 4445 total
[series] unemployment           une_rt_m       EA=EA21      EU=EU27_2020  8 channels
[series] inflation              prc_hicp_manr  EA=EA20      EU=EU27_2020  5 channels
[series] industrial_production  sts_inpr_m     EA=EA21      EU=EU27_2020  3 channels
[series] producer_prices        sts_inppd_m    EA=EA21      EU=EU27_2020  2 channels
[series] retail_trade           sts_trtu_m     EA=EA21      EU=EU27_2020  2 channels
[series] services_production    sts_sepr_m     EA=EA21      EU=EU27_2020  2 channels
{
  "codes_seen": 4444,
  "no_body": 4102,
  "no_family": 155,
  "no_period": 0,
  "short_series": 0,
  "no_evidence": 26,
  "too_short": 0,
  "emitted": 161
}
{
  "unemployment": {
    "EA": "EA21",
    "EU": "EU27_2020"
  },
  "inflation": {
    "EA": "EA20",
    "EU": "EU27_2020"
  },
  "industrial_production": {
    "EA": "EA21",
    "EU": "EU27_2020"
  },
  "producer_prices": {
    "EA": "EA21",
    "EU": "EU27_2020"
  },
  "retail_trade": {
    "EA": "EA21",
    "EU": "EU27_2020"
  },
  "services_production": {
    "EA": "EA21",
    "EU": "EU27_2020"
  }
}
