CDX enumerated 6858 candidate release IDs.
  kept 2011-05 (release 1562722) def=False
  kept 2011-07 (release 1562804) def=False
  kept 2011-08 (release 1562807) def=False
  kept 2012-09 (release 1563312) def=False
  kept 2012-08 (release 1563655) def=False
  kept 2012-07 (release 1564023) def=False
  kept 2012-05 (release 1564316) def=False
  kept 2011-12 (release 1564468) def=False
  kept 2016-01 (release 2011353) def=False
  kept 2016-08 (release 2123531) def=False
  kept 2016-11 (release 2511682) def=False
  kept 2016-11 (release 2529849) def=False
  kept 2016-12 (release 2546422) def=False
  kept 2016-12 (release 2554329) def=False
  kept 2017-01 (release 2590362) def=False
  kept 2017-02 (release 2593754) def=False
  kept 2017-03 (release 2832821) def=False
  kept 2017-04 (release 2841511) def=False
  kept 2017-06 (release 2887124) def=False
  kept 2017-07 (release 2908858) def=False
  kept 2017-07 (release 2965664) def=False
  kept 2017-08 (release 3049343) def=False
  kept 2017-09 (release 3128996) def=False
  kept 2017-09 (release 3136424) def=False
  kept 2017-10 (release 3150642) def=False
  kept 2017-10 (release 3199385) def=False
  kept 2018-01 (release 3356148) def=False
  kept 2018-02 (release 3359306) def=False
  kept 2018-03 (release 3526577) def=False
  kept 2018-05 (release 3552783) def=False
  kept 2018-06 (release 3578004) def=False
  kept 2018-07 (release 3598187) def=True
  kept 2018-10 (release 3639830) def=False
  kept 2018-12 (release 3689758) def=False
  kept 2019-01 (release 3706387) def=False
  kept 2019-02 (release 3896337) def=True
  kept 2019-04 (release 4137211) def=True
  kept 2019-05 (release 4161825) def=False
  kept 2019-05 (release 4172683) def=True
  kept 2019-06 (release 4181730) def=False
  kept 2019-06 (release 4190489) def=True
  kept 2019-07 (release 4199083) def=False
  kept 2019-07 (release 4201416) def=True
  kept 2019-08 (release 4204157) def=False
  kept 2019-08 (release 4213413) def=True
  kept 2019-09 (release 4219602) def=False
  kept 2019-09 (release 4230622) def=True
  kept 2019-10 (release 4240931) def=False
  kept 2019-10 (release 4248906) def=True
  kept 2019-11 (release 4257924) def=False
  kept 2019-11 (release 4266036) def=True
  kept 2019-12 (release 4286180) def=True
  kept 2020-01 (release 4300288) def=False
  kept 2020-01 (release 4314185) def=True
  kept 2020-03 (release 4472319) def=False
  kept 2020-03 (release 4478713) def=True
  kept 2020-04 (release 4492644) def=True
  kept 2020-05 (release 4497161) def=False
  kept 2020-05 (release 4507212) def=True
  kept 2020-06 (release 4622401) def=False
  kept 2020-06 (release 4626269) def=True
  kept 2020-07 (release 4635780) def=False
  kept 2020-07 (release 4638218) def=True
  kept 2020-08 (release 4647815) def=False
  kept 2020-08 (release 4659409) def=True
  kept 2020-09 (release 4771934) def=False
  kept 2020-09 (release 4802031) def=True
  kept 2020-10 (release 4924806) def=False
  kept 2020-10 (release 4961364) def=True
  kept 2020-11 (release 4983151) def=False
  kept 2020-11 (release 4993288) def=True
  kept 2020-12 (release 5008622) def=False
  kept 2020-12 (release 5010790) def=True
  kept 2021-01 (release 5018723) def=False
  kept 2021-01 (release 5056666) def=True
  kept 2021-02 (release 5225259) def=False
  kept 2021-02 (release 5232828) def=True
  kept 2021-03 (release 5349419) def=False
  kept 2021-03 (release 5354300) def=True
  kept 2021-04 (release 5361370) def=False
  kept 2021-04 (release 5369058) def=True
  kept 2021-05 (release 5388773) def=False
  kept 2021-05 (release 5396088) def=True
  kept 2021-06 (release 5401863) def=False
  kept 2021-06 (release 5410350) def=True
  kept 2021-07 (release 5413673) def=False
  kept 2021-07 (release 5416753) def=True
  kept 2021-08 (release 5418782) def=False
  kept 2021-08 (release 5423794) def=True
  kept 2021-09 (release 5430751) def=False
  kept 2021-09 (release 5542932) def=True
  kept 2021-10 (release 5760463) def=False
  kept 2021-10 (release 5764630) def=True
  kept 2021-11 (release 5895594) def=False
  kept 2021-11 (release 6009498) def=True
  kept 2021-12 (release 6017145) def=False
  kept 2021-12 (release 6036852) def=True
  kept 2022-01 (release 6044063) def=False
  kept 2022-01 (release 6051664) def=True
  kept 2022-02 (release 6205704) def=False
  kept 2022-02 (release 6213890) def=True
  kept 2022-03 (release 6325577) def=False
  kept 2022-03 (release 6435001) def=True
  kept 2022-04 (release 6439023) def=False
  kept 2022-04 (release 6443371) def=True
  kept 2022-05 (release 6448358) def=False
  kept 2022-05 (release 6455415) def=True
  kept 2022-06 (release 6468529) def=False
  kept 2022-06 (release 6475536) def=True
  kept 2022-07 (release 6479969) def=False
  kept 2022-07 (release 6483477) def=True
  kept 2022-08 (release 6523441) def=False
  kept 2022-08 (release 6529041) def=True
  kept 2022-09 (release 6537537) def=False
  kept 2022-09 (release 6544105) def=True
  kept 2022-10 (release 6653900) def=False
  kept 2022-10 (release 6657912) def=True
  kept 2022-11 (release 6669302) def=False
  kept 2022-11 (release 6677931) def=True
  kept 2022-12 (release 6686106) def=False
  kept 2022-12 (release 6688391) def=True
  kept 2023-01 (release 6794972) def=False
  kept 2023-01 (release 6801736) def=True
  kept 2023-02 (release 6959576) def=False
  kept 2023-02 (release 6967096) def=True
  kept 2023-03 (release 7234010) def=False
  kept 2023-03 (release 7453520) def=True
  kept 2023-04 (release 7614514) def=False
  kept 2023-04 (release 7618760) def=True
  kept 2023-05 (release 7625343) def=False
  kept 2023-05 (release 7633218) def=True
  kept 2023-06 (release 7641884) def=False
  kept 2023-06 (release 7650280) def=True
  kept 2023-07 (release 7655254) def=False
  kept 2023-07 (release 7658447) def=True
  kept 2023-08 (release 7662184) def=False
  kept 2023-08 (release 7669368) def=True
  kept 2023-09 (release 7676465) def=False
  kept 2023-09 (release 7703228) def=True
  kept 2023-10 (release 7709117) def=False
  kept 2023-10 (release 7714228) def=True
  kept 2023-12 (release 7744813) def=False
  kept 2023-12 (release 7749436) def=True
  kept 2024-01 (release 7760029) def=False
  kept 2024-01 (release 7766503) def=True
  kept 2024-02 (release 7942494) def=True
  kept 2024-03 (release 8063869) def=False
  kept 2024-03 (release 8071673) def=True
  kept 2024-04 (release 8182342) def=False
  kept 2024-04 (release 8187002) def=True
  kept 2024-05 (release 8194771) def=False
  kept 2024-05 (release 8205480) def=True
  kept 2024-06 (release 8210354) def=False
  kept 2024-06 (release 8219103) def=True
  kept 2024-07 (release 8236932) def=False
  kept 2024-07 (release 8240999) def=True
  kept 2024-08 (release 8245352) def=False
  kept 2024-08 (release 8252872) def=True
  kept 2024-09 (release 8259732) def=False
  kept 2024-09 (release 8269848) def=True
  kept 2024-10 (release 8277368) def=False
  kept 2024-10 (release 8284271) def=True
  kept 2024-11 (release 8294163) def=False
  kept 2024-11 (release 8308669) def=True
  kept 2024-12 (release 8324015) def=False
  kept 2024-12 (release 8330746) def=True
  kept 2025-01 (release 8345801) def=False
  kept 2025-01 (release 8358094) def=True
  kept 2025-02 (release 8379750) def=False
  kept 2025-03 (release 8540342) def=False
  kept 2025-03 (release 8558560) def=True
  kept 2025-04 (release 8564913) def=False
  kept 2025-04 (release 8569920) def=True
  kept 2025-05 (release 8575480) def=False
  kept 2025-05 (release 8584568) def=True
  kept 2025-06 (release 8598808) def=False
  kept 2025-06 (release 8608796) def=True
  kept 2025-07 (release 8620698) def=False
  kept 2025-07 (release 8630008) def=True
  kept 2025-08 (release 8633898) def=False
  kept 2025-08 (release 8639256) def=True
  kept 2025-09 (release 8648453) def=False
  kept 2025-09 (release 8655432) def=True
  kept 2025-10 (release 8662070) def=False
  kept 2025-11 (release 8672064) def=False
  kept 2025-12 (release 8719838) def=False
  kept 2026-01 (release 8734318) def=False
  kept 2026-01 (release 8742325) def=True
  kept 2026-02 (release 8847138) def=False
  kept 2026-02 (release 8895634) def=True
  kept 2026-03 (release 8974215) def=True
  kept 2026-04 (release 8985367) def=False
  kept 2026-05 (release 8997722) def=False
  kept 2026-06 (release 9015207) def=False
{
  "candidates": 6858,
  "not_target": 6542,
  "not_english": 0,
  "no_ref_month": 66,
  "short_text": 0,
  "kept": 116
}
Wrote 116 records to /data/defu/Time-series-datasets/57_insee_informations_rapides/output/insee_informations_rapides_cpt.jsonl
